// Jest Snapshot v1, https://goo.gl/fbAQLP

exports[`Input component should renders correctly 1`] = `"<div class=\\"input\\"><input class=\\"input__item\\"/></div>"`;
