// Jest Snapshot v1, https://goo.gl/fbAQLP

exports[`Popup component should renders correctly 1`] = `"<div class=\\"popup\\"><button class=\\"popup__button\\" type=\\"button\\"><span class=\\"popup__button-text\\">i</span></button></div>"`;
