// Jest Snapshot v1, https://goo.gl/fbAQLP

exports[`Form component should renders correctly 1`] = `"<form class=\\"form\\"><div class=\\"form__title\\">Сумма</div><div class=\\"form__radio-box\\"><label class=\\"form__radio-item\\"><input type=\\"radio\\" name=\\"typeSalary\\" value=\\"month\\"/>Оклад за месяц</label><div class=\\"form__radio-item\\"><label class=\\"form__radio\\"><input type=\\"radio\\" name=\\"typeSalary\\" value=\\"mrot\\"/>МРОТ</label><div class=\\"popup\\"><button class=\\"popup__button\\" type=\\"button\\"><span class=\\"popup__button-text\\">i</span></button></div></div><label class=\\"form__radio-item\\"><input type=\\"radio\\" name=\\"typeSalary\\" value=\\"day\\"/>Оплата за день</label><label class=\\"form__radio-item\\"><input type=\\"radio\\" name=\\"typeSalary\\" value=\\"house\\"/>Оплата за час</label></div><div class=\\"form__switch-box\\"><div class=\\"form__title\\">Указать с НДФЛ</div><label class=\\"form__switch\\"><input type=\\"checkbox\\" name=\\"ndfl\\" value=\\"\\" id=\\"employed\\"/><span class=\\"form__slider\\"></span></label><div class=\\"form__title form__title--active\\">без НДФЛ</div></div><div></div></form>"`;
